[2026-07-28 10:48:31 INF]
[Veteran Logistics]
[0.1.0]
[Machine: VVSPL1]
[Thread: 2]

Getting all source/destinations
[2026-07-28 10:48:31 INF]
[Veteran Logistics]
[0.1.0]
[Machine: VVSPL1]
[Thread: 2]

Retrieved 3 source/destinations
[2026-07-28 10:48:31 INF]
[Veteran Logistics]
[0.1.0]
[Machine: VVSPL1]
[Thread: 2]

Retrieved 3 materials
[2026-07-28 10:48:31 INF]
[Veteran Logistics]
[0.1.0]
[Machine: VVSPL1]
[Thread: 2]

Retrieved 3 payment locations
[2026-07-28 12:44:34 INF]
[Veteran Logistics]
[0.1.0]
[Machine: VVSPL1]
[Thread: 2]

Getting all source/destinations
[2026-07-28 12:44:34 INF]
[Veteran Logistics]
[0.1.0]
[Machine: VVSPL1]
[Thread: 2]

Retrieved 3 source/destinations
[2026-07-28 12:44:34 INF]
[Veteran Logistics]
[0.1.0]
[Machine: VVSPL1]
[Thread: 2]

Retrieved 3 materials
[2026-07-28 12:44:34 INF]
[Veteran Logistics]
[0.1.0]
[Machine: VVSPL1]
[Thread: 2]

Retrieved 3 payment locations
[2026-07-28 12:44:59 INF]
[Veteran Logistics]
[0.1.0]
[Machine: VVSPL1]
[Thread: 2]

Getting all source/destinations
[2026-07-28 12:44:59 INF]
[Veteran Logistics]
[0.1.0]
[Machine: VVSPL1]
[Thread: 2]

Retrieved 3 source/destinations
[2026-07-28 12:44:59 INF]
[Veteran Logistics]
[0.1.0]
[Machine: VVSPL1]
[Thread: 2]

Retrieved 3 materials
[2026-07-28 12:44:59 INF]
[Veteran Logistics]
[0.1.0]
[Machine: VVSPL1]
[Thread: 2]

Retrieved 3 payment locations
[2026-07-28 12:45:08 INF]
[Veteran Logistics]
[0.1.0]
[Machine: VVSPL1]
[Thread: 2]

Getting all source/destinations
[2026-07-28 12:45:08 INF]
[Veteran Logistics]
[0.1.0]
[Machine: VVSPL1]
[Thread: 2]

Retrieved 3 source/destinations
[2026-07-28 12:45:08 INF]
[Veteran Logistics]
[0.1.0]
[Machine: VVSPL1]
[Thread: 2]

Retrieved 3 materials
[2026-07-28 12:45:08 INF]
[Veteran Logistics]
[0.1.0]
[Machine: VVSPL1]
[Thread: 2]

Retrieved 3 payment locations
[2026-07-28 13:27:09 INF]
[Veteran Logistics]
[0.1.0]
[Machine: VVSPL1]
[Thread: 2]

Getting all source/destinations
[2026-07-28 13:27:09 INF]
[Veteran Logistics]
[0.1.0]
[Machine: VVSPL1]
[Thread: 2]

Retrieved 3 source/destinations
[2026-07-28 13:27:09 INF]
[Veteran Logistics]
[0.1.0]
[Machine: VVSPL1]
[Thread: 2]

Retrieved 3 materials
[2026-07-28 13:27:09 INF]
[Veteran Logistics]
[0.1.0]
[Machine: VVSPL1]
[Thread: 2]

Retrieved 3 payment locations
[2026-07-28 13:27:20 INF]
[Veteran Logistics]
[0.1.0]
[Machine: VVSPL1]
[Thread: 2]

Getting all source/destinations
[2026-07-28 13:27:20 INF]
[Veteran Logistics]
[0.1.0]
[Machine: VVSPL1]
[Thread: 2]

Retrieved 3 source/destinations
[2026-07-28 13:27:20 INF]
[Veteran Logistics]
[0.1.0]
[Machine: VVSPL1]
[Thread: 2]

Retrieved 3 materials
[2026-07-28 13:27:20 INF]
[Veteran Logistics]
[0.1.0]
[Machine: VVSPL1]
[Thread: 2]

Retrieved 3 payment locations
[2026-07-28 13:27:30 INF]
[Veteran Logistics]
[0.1.0]
[Machine: VVSPL1]
[Thread: 2]

Getting all source/destinations
[2026-07-28 13:27:30 INF]
[Veteran Logistics]
[0.1.0]
[Machine: VVSPL1]
[Thread: 2]

Retrieved 3 source/destinations
[2026-07-28 13:27:30 INF]
[Veteran Logistics]
[0.1.0]
[Machine: VVSPL1]
[Thread: 2]

Retrieved 3 materials
[2026-07-28 13:27:30 INF]
[Veteran Logistics]
[0.1.0]
[Machine: VVSPL1]
[Thread: 2]

Retrieved 3 payment locations
[2026-07-28 13:28:16 INF]
[Veteran Logistics]
[0.1.0]
[Machine: VVSPL1]
[Thread: 2]

Getting all source/destinations
[2026-07-28 13:28:16 INF]
[Veteran Logistics]
[0.1.0]
[Machine: VVSPL1]
[Thread: 2]

Retrieved 3 source/destinations
[2026-07-28 13:28:16 INF]
[Veteran Logistics]
[0.1.0]
[Machine: VVSPL1]
[Thread: 2]

Retrieved 3 materials
[2026-07-28 13:28:16 INF]
[Veteran Logistics]
[0.1.0]
[Machine: VVSPL1]
[Thread: 2]

Retrieved 3 payment locations
[2026-07-28 13:28:42 INF]
[Veteran Logistics]
[0.1.0]
[Machine: VVSPL1]
[Thread: 2]

Loading register '11' updated successfully
[2026-07-28 13:28:48 INF]
[Veteran Logistics]
[0.1.0]
[Machine: VVSPL1]
[Thread: 2]

Getting all source/destinations
[2026-07-28 13:28:48 INF]
[Veteran Logistics]
[0.1.0]
[Machine: VVSPL1]
[Thread: 2]

Retrieved 3 source/destinations
[2026-07-28 13:28:48 INF]
[Veteran Logistics]
[0.1.0]
[Machine: VVSPL1]
[Thread: 2]

Retrieved 3 materials
[2026-07-28 13:28:48 INF]
[Veteran Logistics]
[0.1.0]
[Machine: VVSPL1]
[Thread: 2]

Retrieved 3 payment locations
[2026-07-28 13:29:19 INF]
[Veteran Logistics]
[0.1.0]
[Machine: VVSPL1]
[Thread: 2]

Unloading register 'CH2026000001' created successfully with ID 1
[2026-07-28 13:29:26 INF]
[Veteran Logistics]
[0.1.0]
[Machine: VVSPL1]
[Thread: 2]

Getting all source/destinations
[2026-07-28 13:29:26 INF]
[Veteran Logistics]
[0.1.0]
[Machine: VVSPL1]
[Thread: 2]

Retrieved 3 source/destinations
[2026-07-28 13:29:26 INF]
[Veteran Logistics]
[0.1.0]
[Machine: VVSPL1]
[Thread: 2]

Retrieved 3 materials
[2026-07-28 13:29:26 INF]
[Veteran Logistics]
[0.1.0]
[Machine: VVSPL1]
[Thread: 2]

Retrieved 3 payment locations
[2026-07-28 13:29:32 INF]
[Veteran Logistics]
[0.1.0]
[Machine: VVSPL1]
[Thread: 2]

Getting all source/destinations
[2026-07-28 13:29:32 INF]
[Veteran Logistics]
[0.1.0]
[Machine: VVSPL1]
[Thread: 2]

Retrieved 3 source/destinations
[2026-07-28 13:29:32 INF]
[Veteran Logistics]
[0.1.0]
[Machine: VVSPL1]
[Thread: 2]

Retrieved 3 materials
[2026-07-28 13:29:32 INF]
[Veteran Logistics]
[0.1.0]
[Machine: VVSPL1]
[Thread: 2]

Retrieved 3 payment locations
[2026-07-28 16:44:19 WRN]
[Veteran Logistics]
[0.1.0]
[Machine: VVSPL1]
[Thread: 2]

Loading register not found for challan number '001'
[2026-07-28 16:44:28 INF]
[Veteran Logistics]
[0.1.0]
[Machine: VVSPL1]
[Thread: 2]

Getting all source/destinations
[2026-07-28 16:44:28 INF]
[Veteran Logistics]
[0.1.0]
[Machine: VVSPL1]
[Thread: 2]

Retrieved 3 source/destinations
[2026-07-28 16:44:28 INF]
[Veteran Logistics]
[0.1.0]
[Machine: VVSPL1]
[Thread: 2]

Retrieved 3 materials
[2026-07-28 16:44:28 INF]
[Veteran Logistics]
[0.1.0]
[Machine: VVSPL1]
[Thread: 2]

Retrieved 3 payment locations
