[2026-08-01 10:59:07 INF]
[Veteran Logistics]
[0.1.0]
[Machine: VVSPL1]
[Thread: 2]

Retrieved 3 materials
[2026-08-01 10:59:07 INF]
[Veteran Logistics]
[0.1.0]
[Machine: VVSPL1]
[Thread: 2]

Retrieved 3 payment locations
[2026-08-01 10:59:07 INF]
[Veteran Logistics]
[0.1.0]
[Machine: VVSPL1]
[Thread: 2]

Generating payment report with filters and search
[2026-08-01 10:59:07 WRN]
[Veteran Logistics]
[0.1.0]
[Machine: VVSPL1]
[Thread: 2]

The query uses the 'First'/'FirstOrDefault' operator without 'OrderBy' and filter operators. This may lead to unpredictable results.
[2026-08-01 10:59:07 INF]
[Veteran Logistics]
[0.1.0]
[Machine: VVSPL1]
[Thread: 2]

Payment report generated successfully with 1 records
[2026-08-01 10:59:07 INF]
[Veteran Logistics]
[0.1.0]
[Machine: VVSPL1]
[Thread: 2]

Generating payment report with filters and search
[2026-08-01 10:59:07 INF]
[Veteran Logistics]
[0.1.0]
[Machine: VVSPL1]
[Thread: 2]

Payment report generated successfully with 1 records
[2026-08-01 11:46:15 INF]
[Veteran Logistics]
[0.1.0]
[Machine: VVSPL1]
[Thread: 2]

Retrieved 3 materials
[2026-08-01 11:46:15 INF]
[Veteran Logistics]
[0.1.0]
[Machine: VVSPL1]
[Thread: 2]

Retrieved 3 payment locations
[2026-08-01 11:46:15 INF]
[Veteran Logistics]
[0.1.0]
[Machine: VVSPL1]
[Thread: 2]

Generating payment report with filters and search
[2026-08-01 11:46:15 WRN]
[Veteran Logistics]
[0.1.0]
[Machine: VVSPL1]
[Thread: 2]

The query uses the 'First'/'FirstOrDefault' operator without 'OrderBy' and filter operators. This may lead to unpredictable results.
[2026-08-01 11:46:15 INF]
[Veteran Logistics]
[0.1.0]
[Machine: VVSPL1]
[Thread: 2]

Payment report generated successfully with 1 records
[2026-08-01 11:46:15 INF]
[Veteran Logistics]
[0.1.0]
[Machine: VVSPL1]
[Thread: 2]

Generating payment report with filters and search
[2026-08-01 11:46:15 INF]
[Veteran Logistics]
[0.1.0]
[Machine: VVSPL1]
[Thread: 2]

Payment report generated successfully with 1 records
[2026-08-01 11:46:18 INF]
[Veteran Logistics]
[0.1.0]
[Machine: VVSPL1]
[Thread: 2]

Generating payment report with filters and search
[2026-08-01 11:46:18 INF]
[Veteran Logistics]
[0.1.0]
[Machine: VVSPL1]
[Thread: 2]

Payment report generated successfully with 1 records
[2026-08-01 11:46:18 INF]
[Veteran Logistics]
[0.1.0]
[Machine: VVSPL1]
[Thread: 2]

Generating payment report with filters and search
[2026-08-01 11:46:18 INF]
[Veteran Logistics]
[0.1.0]
[Machine: VVSPL1]
[Thread: 2]

Payment report generated successfully with 1 records
[2026-08-01 11:46:18 INF]
[Veteran Logistics]
[0.1.0]
[Machine: VVSPL1]
[Thread: 2]

Generating payment report with filters and search
[2026-08-01 11:46:18 INF]
[Veteran Logistics]
[0.1.0]
[Machine: VVSPL1]
[Thread: 2]

Payment report generated successfully with 1 records
[2026-08-01 11:46:19 INF]
[Veteran Logistics]
[0.1.0]
[Machine: VVSPL1]
[Thread: 2]

Generating payment report with filters and search
[2026-08-01 11:46:19 INF]
[Veteran Logistics]
[0.1.0]
[Machine: VVSPL1]
[Thread: 2]

Payment report generated successfully with 1 records
[2026-08-01 11:46:19 INF]
[Veteran Logistics]
[0.1.0]
[Machine: VVSPL1]
[Thread: 2]

Generating payment report with filters and search
[2026-08-01 11:46:19 INF]
[Veteran Logistics]
[0.1.0]
[Machine: VVSPL1]
[Thread: 2]

Payment report generated successfully with 1 records
[2026-08-01 11:46:19 INF]
[Veteran Logistics]
[0.1.0]
[Machine: VVSPL1]
[Thread: 2]

Generating payment report with filters and search
[2026-08-01 11:46:19 INF]
[Veteran Logistics]
[0.1.0]
[Machine: VVSPL1]
[Thread: 2]

Payment report generated successfully with 1 records
[2026-08-01 11:46:19 INF]
[Veteran Logistics]
[0.1.0]
[Machine: VVSPL1]
[Thread: 2]

Generating payment report with filters and search
[2026-08-01 11:46:19 INF]
[Veteran Logistics]
[0.1.0]
[Machine: VVSPL1]
[Thread: 2]

Payment report generated successfully with 1 records
[2026-08-01 11:46:19 INF]
[Veteran Logistics]
[0.1.0]
[Machine: VVSPL1]
[Thread: 2]

Generating payment report with filters and search
[2026-08-01 11:46:19 INF]
[Veteran Logistics]
[0.1.0]
[Machine: VVSPL1]
[Thread: 2]

Payment report generated successfully with 1 records
[2026-08-01 11:46:20 INF]
[Veteran Logistics]
[0.1.0]
[Machine: VVSPL1]
[Thread: 2]

Generating payment report with filters and search
[2026-08-01 11:46:20 INF]
[Veteran Logistics]
[0.1.0]
[Machine: VVSPL1]
[Thread: 2]

Payment report generated successfully with 1 records
[2026-08-01 11:46:20 INF]
[Veteran Logistics]
[0.1.0]
[Machine: VVSPL1]
[Thread: 2]

Generating payment report with filters and search
[2026-08-01 11:46:20 INF]
[Veteran Logistics]
[0.1.0]
[Machine: VVSPL1]
[Thread: 2]

Payment report generated successfully with 1 records
[2026-08-01 11:46:20 INF]
[Veteran Logistics]
[0.1.0]
[Machine: VVSPL1]
[Thread: 2]

Generating payment report with filters and search
[2026-08-01 11:46:20 INF]
[Veteran Logistics]
[0.1.0]
[Machine: VVSPL1]
[Thread: 2]

Payment report generated successfully with 1 records
[2026-08-01 11:46:21 INF]
[Veteran Logistics]
[0.1.0]
[Machine: VVSPL1]
[Thread: 2]

Generating payment report with filters and search
[2026-08-01 11:46:21 INF]
[Veteran Logistics]
[0.1.0]
[Machine: VVSPL1]
[Thread: 2]

Payment report generated successfully with 1 records
[2026-08-01 11:46:21 INF]
[Veteran Logistics]
[0.1.0]
[Machine: VVSPL1]
[Thread: 2]

Generating payment report with filters and search
[2026-08-01 11:46:21 INF]
[Veteran Logistics]
[0.1.0]
[Machine: VVSPL1]
[Thread: 2]

Payment report generated successfully with 1 records
[2026-08-01 11:46:21 INF]
[Veteran Logistics]
[0.1.0]
[Machine: VVSPL1]
[Thread: 2]

Generating payment report with filters and search
[2026-08-01 11:46:21 INF]
[Veteran Logistics]
[0.1.0]
[Machine: VVSPL1]
[Thread: 2]

Payment report generated successfully with 1 records
[2026-08-01 11:46:21 INF]
[Veteran Logistics]
[0.1.0]
[Machine: VVSPL1]
[Thread: 2]

Generating payment report with filters and search
[2026-08-01 11:46:21 INF]
[Veteran Logistics]
[0.1.0]
[Machine: VVSPL1]
[Thread: 2]

Payment report generated successfully with 1 records
[2026-08-01 11:46:21 INF]
[Veteran Logistics]
[0.1.0]
[Machine: VVSPL1]
[Thread: 2]

Generating payment report with filters and search
[2026-08-01 11:46:21 INF]
[Veteran Logistics]
[0.1.0]
[Machine: VVSPL1]
[Thread: 2]

Payment report generated successfully with 1 records
[2026-08-01 11:46:22 INF]
[Veteran Logistics]
[0.1.0]
[Machine: VVSPL1]
[Thread: 2]

Generating payment report with filters and search
[2026-08-01 11:46:22 INF]
[Veteran Logistics]
[0.1.0]
[Machine: VVSPL1]
[Thread: 2]

Payment report generated successfully with 1 records
[2026-08-01 11:46:22 INF]
[Veteran Logistics]
[0.1.0]
[Machine: VVSPL1]
[Thread: 2]

Generating payment report with filters and search
[2026-08-01 11:46:22 INF]
[Veteran Logistics]
[0.1.0]
[Machine: VVSPL1]
[Thread: 2]

Payment report generated successfully with 1 records
[2026-08-01 11:46:22 INF]
[Veteran Logistics]
[0.1.0]
[Machine: VVSPL1]
[Thread: 2]

Generating payment report with filters and search
[2026-08-01 11:46:22 INF]
[Veteran Logistics]
[0.1.0]
[Machine: VVSPL1]
[Thread: 2]

Payment report generated successfully with 1 records
[2026-08-01 11:46:23 INF]
[Veteran Logistics]
[0.1.0]
[Machine: VVSPL1]
[Thread: 2]

Generating payment report with filters and search
[2026-08-01 11:46:23 INF]
[Veteran Logistics]
[0.1.0]
[Machine: VVSPL1]
[Thread: 2]

Payment report generated successfully with 1 records
[2026-08-01 11:46:23 INF]
[Veteran Logistics]
[0.1.0]
[Machine: VVSPL1]
[Thread: 2]

Generating payment report with filters and search
[2026-08-01 11:46:23 INF]
[Veteran Logistics]
[0.1.0]
[Machine: VVSPL1]
[Thread: 2]

Payment report generated successfully with 1 records
[2026-08-01 11:46:23 INF]
[Veteran Logistics]
[0.1.0]
[Machine: VVSPL1]
[Thread: 2]

Generating payment report with filters and search
[2026-08-01 11:46:23 INF]
[Veteran Logistics]
[0.1.0]
[Machine: VVSPL1]
[Thread: 2]

Payment report generated successfully with 1 records
[2026-08-01 11:46:23 INF]
[Veteran Logistics]
[0.1.0]
[Machine: VVSPL1]
[Thread: 2]

Generating payment report with filters and search
[2026-08-01 11:46:24 INF]
[Veteran Logistics]
[0.1.0]
[Machine: VVSPL1]
[Thread: 2]

Payment report generated successfully with 1 records
[2026-08-01 11:46:24 INF]
[Veteran Logistics]
[0.1.0]
[Machine: VVSPL1]
[Thread: 2]

Generating payment report with filters and search
[2026-08-01 11:46:24 INF]
[Veteran Logistics]
[0.1.0]
[Machine: VVSPL1]
[Thread: 2]

Payment report generated successfully with 1 records
[2026-08-01 11:46:24 INF]
[Veteran Logistics]
[0.1.0]
[Machine: VVSPL1]
[Thread: 2]

Generating payment report with filters and search
[2026-08-01 11:46:24 INF]
[Veteran Logistics]
[0.1.0]
[Machine: VVSPL1]
[Thread: 2]

Payment report generated successfully with 1 records
[2026-08-01 11:46:24 INF]
[Veteran Logistics]
[0.1.0]
[Machine: VVSPL1]
[Thread: 2]

Generating payment report with filters and search
[2026-08-01 11:46:24 INF]
[Veteran Logistics]
[0.1.0]
[Machine: VVSPL1]
[Thread: 2]

Payment report generated successfully with 1 records
[2026-08-01 11:46:24 INF]
[Veteran Logistics]
[0.1.0]
[Machine: VVSPL1]
[Thread: 2]

Generating payment report with filters and search
[2026-08-01 11:46:24 INF]
[Veteran Logistics]
[0.1.0]
[Machine: VVSPL1]
[Thread: 2]

Payment report generated successfully with 1 records
[2026-08-01 11:46:24 INF]
[Veteran Logistics]
[0.1.0]
[Machine: VVSPL1]
[Thread: 2]

Generating payment report with filters and search
[2026-08-01 11:46:24 INF]
[Veteran Logistics]
[0.1.0]
[Machine: VVSPL1]
[Thread: 2]

Payment report generated successfully with 1 records
[2026-08-01 11:46:24 INF]
[Veteran Logistics]
[0.1.0]
[Machine: VVSPL1]
[Thread: 2]

Generating payment report with filters and search
[2026-08-01 11:46:24 INF]
[Veteran Logistics]
[0.1.0]
[Machine: VVSPL1]
[Thread: 2]

Payment report generated successfully with 1 records
[2026-08-01 11:46:25 INF]
[Veteran Logistics]
[0.1.0]
[Machine: VVSPL1]
[Thread: 2]

Generating payment report with filters and search
[2026-08-01 11:46:25 INF]
[Veteran Logistics]
[0.1.0]
[Machine: VVSPL1]
[Thread: 2]

Payment report generated successfully with 1 records
[2026-08-01 11:46:25 INF]
[Veteran Logistics]
[0.1.0]
[Machine: VVSPL1]
[Thread: 2]

Generating payment report with filters and search
[2026-08-01 11:46:25 INF]
[Veteran Logistics]
[0.1.0]
[Machine: VVSPL1]
[Thread: 2]

Payment report generated successfully with 1 records
[2026-08-01 11:46:25 INF]
[Veteran Logistics]
[0.1.0]
[Machine: VVSPL1]
[Thread: 2]

Generating payment report with filters and search
[2026-08-01 11:46:25 INF]
[Veteran Logistics]
[0.1.0]
[Machine: VVSPL1]
[Thread: 2]

Payment report generated successfully with 1 records
[2026-08-01 11:46:25 INF]
[Veteran Logistics]
[0.1.0]
[Machine: VVSPL1]
[Thread: 2]

Generating payment report with filters and search
[2026-08-01 11:46:25 INF]
[Veteran Logistics]
[0.1.0]
[Machine: VVSPL1]
[Thread: 2]

Payment report generated successfully with 1 records
[2026-08-01 11:46:25 INF]
[Veteran Logistics]
[0.1.0]
[Machine: VVSPL1]
[Thread: 2]

Generating payment report with filters and search
[2026-08-01 11:46:25 INF]
[Veteran Logistics]
[0.1.0]
[Machine: VVSPL1]
[Thread: 2]

Payment report generated successfully with 1 records
[2026-08-01 11:46:26 INF]
[Veteran Logistics]
[0.1.0]
[Machine: VVSPL1]
[Thread: 2]

Generating payment report with filters and search
[2026-08-01 11:46:26 INF]
[Veteran Logistics]
[0.1.0]
[Machine: VVSPL1]
[Thread: 2]

Payment report generated successfully with 1 records
[2026-08-01 11:46:26 INF]
[Veteran Logistics]
[0.1.0]
[Machine: VVSPL1]
[Thread: 2]

Generating payment report with filters and search
[2026-08-01 11:46:26 INF]
[Veteran Logistics]
[0.1.0]
[Machine: VVSPL1]
[Thread: 2]

Payment report generated successfully with 1 records
[2026-08-01 11:46:26 INF]
[Veteran Logistics]
[0.1.0]
[Machine: VVSPL1]
[Thread: 2]

Generating payment report with filters and search
[2026-08-01 11:46:26 INF]
[Veteran Logistics]
[0.1.0]
[Machine: VVSPL1]
[Thread: 2]

Payment report generated successfully with 1 records
[2026-08-01 11:46:26 INF]
[Veteran Logistics]
[0.1.0]
[Machine: VVSPL1]
[Thread: 2]

Generating payment report with filters and search
[2026-08-01 11:46:26 INF]
[Veteran Logistics]
[0.1.0]
[Machine: VVSPL1]
[Thread: 2]

Payment report generated successfully with 1 records
[2026-08-01 11:46:26 INF]
[Veteran Logistics]
[0.1.0]
[Machine: VVSPL1]
[Thread: 2]

Generating payment report with filters and search
[2026-08-01 11:46:26 INF]
[Veteran Logistics]
[0.1.0]
[Machine: VVSPL1]
[Thread: 2]

Payment report generated successfully with 1 records
[2026-08-01 11:46:27 INF]
[Veteran Logistics]
[0.1.0]
[Machine: VVSPL1]
[Thread: 2]

Generating payment report with filters and search
[2026-08-01 11:46:27 INF]
[Veteran Logistics]
[0.1.0]
[Machine: VVSPL1]
[Thread: 2]

Payment report generated successfully with 1 records
[2026-08-01 11:46:27 INF]
[Veteran Logistics]
[0.1.0]
[Machine: VVSPL1]
[Thread: 2]

Generating payment report with filters and search
[2026-08-01 11:46:27 INF]
[Veteran Logistics]
[0.1.0]
[Machine: VVSPL1]
[Thread: 2]

Payment report generated successfully with 1 records
[2026-08-01 11:46:27 INF]
[Veteran Logistics]
[0.1.0]
[Machine: VVSPL1]
[Thread: 2]

Generating payment report with filters and search
[2026-08-01 11:46:27 INF]
[Veteran Logistics]
[0.1.0]
[Machine: VVSPL1]
[Thread: 2]

Payment report generated successfully with 1 records
[2026-08-01 11:46:27 INF]
[Veteran Logistics]
[0.1.0]
[Machine: VVSPL1]
[Thread: 2]

Generating payment report with filters and search
[2026-08-01 11:46:27 INF]
[Veteran Logistics]
[0.1.0]
[Machine: VVSPL1]
[Thread: 2]

Payment report generated successfully with 1 records
[2026-08-01 11:46:27 INF]
[Veteran Logistics]
[0.1.0]
[Machine: VVSPL1]
[Thread: 2]

Generating payment report with filters and search
[2026-08-01 11:46:27 INF]
[Veteran Logistics]
[0.1.0]
[Machine: VVSPL1]
[Thread: 2]

Payment report generated successfully with 1 records
[2026-08-01 11:46:27 INF]
[Veteran Logistics]
[0.1.0]
[Machine: VVSPL1]
[Thread: 2]

Generating payment report with filters and search
[2026-08-01 11:46:27 INF]
[Veteran Logistics]
[0.1.0]
[Machine: VVSPL1]
[Thread: 2]

Payment report generated successfully with 1 records
[2026-08-01 11:46:27 INF]
[Veteran Logistics]
[0.1.0]
[Machine: VVSPL1]
[Thread: 2]

Generating payment report with filters and search
[2026-08-01 11:46:27 INF]
[Veteran Logistics]
[0.1.0]
[Machine: VVSPL1]
[Thread: 2]

Payment report generated successfully with 1 records
[2026-08-01 11:46:28 INF]
[Veteran Logistics]
[0.1.0]
[Machine: VVSPL1]
[Thread: 2]

Generating payment report with filters and search
[2026-08-01 11:46:28 INF]
[Veteran Logistics]
[0.1.0]
[Machine: VVSPL1]
[Thread: 2]

Payment report generated successfully with 1 records
[2026-08-01 11:46:28 INF]
[Veteran Logistics]
[0.1.0]
[Machine: VVSPL1]
[Thread: 2]

Generating payment report with filters and search
[2026-08-01 11:46:28 INF]
[Veteran Logistics]
[0.1.0]
[Machine: VVSPL1]
[Thread: 2]

Payment report generated successfully with 1 records
[2026-08-01 11:46:28 INF]
[Veteran Logistics]
[0.1.0]
[Machine: VVSPL1]
[Thread: 2]

Generating payment report with filters and search
[2026-08-01 11:46:28 INF]
[Veteran Logistics]
[0.1.0]
[Machine: VVSPL1]
[Thread: 2]

Payment report generated successfully with 1 records
[2026-08-01 11:46:28 INF]
[Veteran Logistics]
[0.1.0]
[Machine: VVSPL1]
[Thread: 2]

Generating payment report with filters and search
[2026-08-01 11:46:28 INF]
[Veteran Logistics]
[0.1.0]
[Machine: VVSPL1]
[Thread: 2]

Payment report generated successfully with 1 records
[2026-08-01 11:46:33 INF]
[Veteran Logistics]
[0.1.0]
[Machine: VVSPL1]
[Thread: 2]

Generating payment report with filters and search
[2026-08-01 11:46:33 INF]
[Veteran Logistics]
[0.1.0]
[Machine: VVSPL1]
[Thread: 2]

Payment report generated successfully with 1 records
[2026-08-01 11:46:52 INF]
[Veteran Logistics]
[0.1.0]
[Machine: VVSPL1]
[Thread: 2]

Getting all source/destinations
[2026-08-01 11:46:52 INF]
[Veteran Logistics]
[0.1.0]
[Machine: VVSPL1]
[Thread: 2]

Retrieved 3 source/destinations
[2026-08-01 11:46:52 INF]
[Veteran Logistics]
[0.1.0]
[Machine: VVSPL1]
[Thread: 2]

Retrieved 3 materials
[2026-08-01 11:46:52 INF]
[Veteran Logistics]
[0.1.0]
[Machine: VVSPL1]
[Thread: 2]

Generating unloading report with filters and search
[2026-08-01 11:46:52 WRN]
[Veteran Logistics]
[0.1.0]
[Machine: VVSPL1]
[Thread: 2]

The query uses the 'First'/'FirstOrDefault' operator without 'OrderBy' and filter operators. This may lead to unpredictable results.
[2026-08-01 11:46:52 INF]
[Veteran Logistics]
[0.1.0]
[Machine: VVSPL1]
[Thread: 2]

Unloading report generated successfully with 1 records
[2026-08-01 11:46:52 INF]
[Veteran Logistics]
[0.1.0]
[Machine: VVSPL1]
[Thread: 2]

Generating unloading report with filters and search
[2026-08-01 11:46:52 INF]
[Veteran Logistics]
[0.1.0]
[Machine: VVSPL1]
[Thread: 2]

Unloading report generated successfully with 1 records
[2026-08-01 11:46:55 INF]
[Veteran Logistics]
[0.1.0]
[Machine: VVSPL1]
[Thread: 2]

Getting all source/destinations
[2026-08-01 11:46:55 INF]
[Veteran Logistics]
[0.1.0]
[Machine: VVSPL1]
[Thread: 2]

Retrieved 3 source/destinations
[2026-08-01 11:46:55 INF]
[Veteran Logistics]
[0.1.0]
[Machine: VVSPL1]
[Thread: 2]

Retrieved 3 materials
[2026-08-01 11:46:55 INF]
[Veteran Logistics]
[0.1.0]
[Machine: VVSPL1]
[Thread: 2]

Generating loading report with filters and search
[2026-08-01 11:46:55 WRN]
[Veteran Logistics]
[0.1.0]
[Machine: VVSPL1]
[Thread: 2]

The query uses the 'First'/'FirstOrDefault' operator without 'OrderBy' and filter operators. This may lead to unpredictable results.
[2026-08-01 11:46:55 INF]
[Veteran Logistics]
[0.1.0]
[Machine: VVSPL1]
[Thread: 2]

Loading report generated successfully with 2 records
[2026-08-01 11:46:56 INF]
[Veteran Logistics]
[0.1.0]
[Machine: VVSPL1]
[Thread: 2]

Generating loading report with filters and search
[2026-08-01 11:46:56 INF]
[Veteran Logistics]
[0.1.0]
[Machine: VVSPL1]
[Thread: 2]

Loading report generated successfully with 2 records
[2026-08-01 11:47:00 INF]
[Veteran Logistics]
[0.1.0]
[Machine: VVSPL1]
[Thread: 2]

Retrieved 3 materials
[2026-08-01 11:47:00 INF]
[Veteran Logistics]
[0.1.0]
[Machine: VVSPL1]
[Thread: 2]

Retrieved 3 payment locations
[2026-08-01 11:47:00 INF]
[Veteran Logistics]
[0.1.0]
[Machine: VVSPL1]
[Thread: 2]

Generating payment report with filters and search
[2026-08-01 11:47:00 INF]
[Veteran Logistics]
[0.1.0]
[Machine: VVSPL1]
[Thread: 2]

Payment report generated successfully with 1 records
[2026-08-01 11:47:00 INF]
[Veteran Logistics]
[0.1.0]
[Machine: VVSPL1]
[Thread: 2]

Generating payment report with filters and search
[2026-08-01 11:47:00 INF]
[Veteran Logistics]
[0.1.0]
[Machine: VVSPL1]
[Thread: 2]

Payment report generated successfully with 1 records
[2026-08-01 11:47:03 INF]
[Veteran Logistics]
[0.1.0]
[Machine: VVSPL1]
[Thread: 2]

Starting PDF export for payment report to C:\Users\infov\Downloads\PaymentReport_20260801_114701.pdf
[2026-08-01 11:47:04 INF]
[Veteran Logistics]
[0.1.0]
[Machine: VVSPL1]
[Thread: 2]

PDF export completed successfully for 1 records
[2026-08-01 11:47:08 INF]
[Veteran Logistics]
[0.1.0]
[Machine: VVSPL1]
[Thread: 2]

Starting Excel export for payment report to C:\Users\infov\Downloads\PaymentReport_20260801_114706.xlsx
[2026-08-01 11:47:08 INF]
[Veteran Logistics]
[0.1.0]
[Machine: VVSPL1]
[Thread: 2]

Excel export completed successfully for 1 records
[2026-08-01 11:49:03 INF]
[Veteran Logistics]
[0.1.0]
[Machine: VVSPL1]
[Thread: 2]

Getting all source/destinations
[2026-08-01 11:49:03 INF]
[Veteran Logistics]
[0.1.0]
[Machine: VVSPL1]
[Thread: 2]

Retrieved 3 source/destinations
[2026-08-01 11:49:04 INF]
[Veteran Logistics]
[0.1.0]
[Machine: VVSPL1]
[Thread: 2]

Retrieved 3 materials
[2026-08-01 11:49:04 INF]
[Veteran Logistics]
[0.1.0]
[Machine: VVSPL1]
[Thread: 2]

Generating unloading report with filters and search
[2026-08-01 11:49:04 WRN]
[Veteran Logistics]
[0.1.0]
[Machine: VVSPL1]
[Thread: 2]

The query uses the 'First'/'FirstOrDefault' operator without 'OrderBy' and filter operators. This may lead to unpredictable results.
[2026-08-01 11:49:04 INF]
[Veteran Logistics]
[0.1.0]
[Machine: VVSPL1]
[Thread: 2]

Unloading report generated successfully with 1 records
[2026-08-01 11:49:04 INF]
[Veteran Logistics]
[0.1.0]
[Machine: VVSPL1]
[Thread: 2]

Generating unloading report with filters and search
[2026-08-01 11:49:04 INF]
[Veteran Logistics]
[0.1.0]
[Machine: VVSPL1]
[Thread: 2]

Unloading report generated successfully with 1 records
[2026-08-01 11:49:07 INF]
[Veteran Logistics]
[0.1.0]
[Machine: VVSPL1]
[Thread: 2]

Retrieving all party bill registers
[2026-08-01 11:49:07 INF]
[Veteran Logistics]
[0.1.0]
[Machine: VVSPL1]
[Thread: 2]

Retrieved 1 party bill registers
[2026-08-01 11:49:07 INF]
[Veteran Logistics]
[0.1.0]
[Machine: VVSPL1]
[Thread: 2]

Retrieving all party bill registers
[2026-08-01 11:49:07 INF]
[Veteran Logistics]
[0.1.0]
[Machine: VVSPL1]
[Thread: 2]

Retrieved 1 party bill registers
[2026-08-01 11:49:10 INF]
[Veteran Logistics]
[0.1.0]
[Machine: VVSPL1]
[Thread: 2]

Retrieved 3 materials
[2026-08-01 11:49:10 INF]
[Veteran Logistics]
[0.1.0]
[Machine: VVSPL1]
[Thread: 2]

Retrieved 3 payment locations
[2026-08-01 11:49:10 INF]
[Veteran Logistics]
[0.1.0]
[Machine: VVSPL1]
[Thread: 2]

Generating payment report with filters and search
[2026-08-01 11:49:10 WRN]
[Veteran Logistics]
[0.1.0]
[Machine: VVSPL1]
[Thread: 2]

The query uses the 'First'/'FirstOrDefault' operator without 'OrderBy' and filter operators. This may lead to unpredictable results.
[2026-08-01 11:49:10 INF]
[Veteran Logistics]
[0.1.0]
[Machine: VVSPL1]
[Thread: 2]

Payment report generated successfully with 1 records
[2026-08-01 11:49:10 INF]
[Veteran Logistics]
[0.1.0]
[Machine: VVSPL1]
[Thread: 2]

Generating payment report with filters and search
[2026-08-01 11:49:10 INF]
[Veteran Logistics]
[0.1.0]
[Machine: VVSPL1]
[Thread: 2]

Payment report generated successfully with 1 records
[2026-08-01 11:49:34 INF]
[Veteran Logistics]
[0.1.0]
[Machine: VVSPL1]
[Thread: 2]

Retrieved 3 materials
[2026-08-01 11:49:34 INF]
[Veteran Logistics]
[0.1.0]
[Machine: VVSPL1]
[Thread: 2]

Retrieved 3 payment locations
[2026-08-01 11:49:34 INF]
[Veteran Logistics]
[0.1.0]
[Machine: VVSPL1]
[Thread: 2]

Generating payment report with filters and search
[2026-08-01 11:49:34 WRN]
[Veteran Logistics]
[0.1.0]
[Machine: VVSPL1]
[Thread: 2]

The query uses the 'First'/'FirstOrDefault' operator without 'OrderBy' and filter operators. This may lead to unpredictable results.
[2026-08-01 11:49:34 INF]
[Veteran Logistics]
[0.1.0]
[Machine: VVSPL1]
[Thread: 2]

Payment report generated successfully with 1 records
[2026-08-01 11:49:34 INF]
[Veteran Logistics]
[0.1.0]
[Machine: VVSPL1]
[Thread: 2]

Generating payment report with filters and search
[2026-08-01 11:49:34 INF]
[Veteran Logistics]
[0.1.0]
[Machine: VVSPL1]
[Thread: 2]

Payment report generated successfully with 1 records
